<?xml version="1.0" encoding="UTF-8"?>
<testsuites name="jest tests" tests="4" failures="0" time="2.916">
  <testsuite name="undefined" errors="0" failures="0" skipped="0" timestamp="2019-04-03T21:01:22" time="1.511" tests="4">
    <testcase classname=" Failure" name=" Failure" time="0.006">
    </testcase>
    <testcase classname=" Pass" name=" Pass" time="0.001">
    </testcase>
    <testcase classname=" Merit" name=" Merit" time="0.001">
    </testcase>
    <testcase classname=" Distinction" name=" Distinction" time="0.001">
    </testcase>
  </testsuite>
</testsuites>